[37A[K
  New Email[K
[K
  To:      recipient@example.com[K
  Subject: Subject[K
[K
  ┃   1 Write your message...                                                                                         [K
┃                                                                                                                   [K
┃                                                                                                                   [K
┃                                                                                                                   [K
┃                                                                                                                   [K
┃                                                                                                                   [K
┃                                                                                                                   [K
┃                                                                                                                   [K
┃                                                                                                                   [K
┃                                                                                                                   [K
┃                                                                                                                   [K
┃                                                                                                                   [K
┃                                                                                                                   [K
┃                                                                                                                   [K
┃                                                                                                                   [K
┃                                                                                                                   [K
┃                                                                                                                   [K
┃                                                                                                                   [K
┃                                                                                                                   [K
┃                                                                                                                   [K
┃                                                                                                                   [K
┃                                                                                                                   [K
┃                                                                                                                   [K
┃                                                                                                                   [K
┃                                                                                                                   [K
┃                                                                                                                   [K
┃                                                                                                                   [K
┃                                                                                                                   [K
┃                                                                                                                   [K
┃                                                                                                                   [K
[K
  tab/shift+tab navigate • ctrl+s send • esc cancel[K