[19A unread 3  │  flagged 0  │  today 0            Fastmail CLI 
╭──────────────────────────────────────────────────────────╮
│   Inbox                                                  │
│                                                          │
│  5 items                                                 │
│                                                          │
││ *  — Weekly Team Standup Notes                          │
││ 8h ago  Here are the notes from today's standup. Backen…│
│  •••••                                                   │
│                                                          │
│  ↑/k up • ↓/j down • / filter • q quit • ? more          │
│                                                          │
│                                                          │
│                                                          │
│                                                          │
│                                                          │
│                                                          │
│                                                          │
╰──────────────────────────────────────────────────────────╯
enter  a  f  c  /  tab pane  b sidebar  ? help  q quit      